// Jest Snapshot v1, https://goo.gl/fbAQLP

exports[`Post test - renders correctly 1`] = `
<div
  class="MuiGrid-root makeStyles-root-1 MuiGrid-container MuiGrid-justify-xs-center"
>
  <div
    class="MuiGrid-root MuiGrid-item MuiGrid-grid-xs-12"
  >
    <div
      class="MuiGrid-root makeStyles-header-2 MuiGrid-container MuiGrid-align-items-xs-center MuiGrid-justify-xs-center"
    >
      <div
        class="MuiGrid-root MuiGrid-item MuiGrid-grid-xs-12 MuiGrid-grid-sm-3 MuiGrid-grid-md-3"
      >
        <p
          class="MuiTypography-root makeStyles-headerName-3 MuiTypography-body1"
        >
          Activity Feed
        </p>
      </div>
      <div
        class="MuiGrid-root MuiGrid-item MuiGrid-grid-xs-12 MuiGrid-grid-sm-5 MuiGrid-grid-md-6"
      >
        <div
          class="MuiPaper-root makeStyles-root-4 MuiPaper-elevation1 MuiPaper-rounded"
        >
          <button
            aria-label="menu"
            class="MuiButtonBase-root MuiIconButton-root makeStyles-iconButton-6"
            tabindex="0"
            type="button"
          >
            <span
              class="MuiIconButton-label"
            >
              <svg
                aria-hidden="true"
                class="MuiSvgIcon-root"
                focusable="false"
                viewBox="0 0 24 24"
              >
                <path
                  d="M15.5 14h-.79l-.28-.27C15.41 12.59 16 11.11 16 9.5 16 5.91 13.09 3 9.5 3S3 5.91 3 9.5 5.91 16 9.5 16c1.61 0 3.09-.59 4.23-1.57l.27.28v.79l5 4.99L20.49 19l-4.99-5zm-6 0C7.01 14 5 11.99 5 9.5S7.01 5 9.5 5 14 7.01 14 9.5 11.99 14 9.5 14z"
                />
              </svg>
            </span>
            <span
              class="MuiTouchRipple-root"
            />
          </button>
          <div
            class="MuiInputBase-root makeStyles-input-5 MuiInputBase-fullWidth"
          >
            <input
              aria-label="search"
              class="MuiInputBase-input"
              placeholder="Search"
              type="text"
              value=""
            />
          </div>
          <button
            aria-label="search"
            class="MuiButtonBase-root MuiIconButton-root makeStyles-iconButton-6"
            tabindex="0"
            type="button"
          >
            <span
              class="MuiIconButton-label"
            />
            <span
              class="MuiTouchRipple-root"
            />
          </button>
        </div>
      </div>
      <div
        class="MuiGrid-root MuiGrid-item MuiGrid-grid-xs-12 MuiGrid-grid-sm-3 MuiGrid-grid-md-3"
      />
    </div>
  </div>
  <div
    class="MuiGrid-root MuiGrid-item MuiGrid-grid-xs-12"
  />
</div>
`;
