// Jest Snapshot v1, https://goo.gl/fbAQLP

exports[`SubmitPost test - renders correctly 1`] = `null`;
