// Jest Snapshot v1, https://goo.gl/fbAQLP

exports[`Post Page test - renders correctly 1`] = `
<div
  class="MuiGrid-root makeStyles-root-1 MuiGrid-container MuiGrid-spacing-xs-4 MuiGrid-align-items-xs-flex-start MuiGrid-justify-xs-space-around"
  style="position: relative;"
>
  <div
    class="MuiGrid-root MuiGrid-item MuiGrid-grid-xs-12 MuiGrid-grid-md-6"
  >
    <div
      class="MuiPaper-root MuiCard-root MuiPaper-elevation1 MuiPaper-rounded"
    >
      <div
        class="MuiCardHeader-root"
      >
        <div
          class="MuiCardHeader-content"
        >
          <span
            class="MuiTypography-root MuiCardHeader-title MuiTypography-h5 MuiTypography-displayBlock"
          >
            <div
              class="MuiGrid-root MuiGrid-container MuiGrid-align-items-xs-center"
            >
              <div
                class="MuiGrid-root MuiGrid-item"
              >
                <span
                  class="MuiSkeleton-root MuiSkeleton-rect MuiSkeleton-pulse"
                  style="width: 200px; margin-right: 10px;"
                />
              </div>
              <div
                class="MuiGrid-root MuiGrid-item"
              >
                <span
                  class="MuiSkeleton-root MuiSkeleton-circle MuiSkeleton-pulse"
                  style="width: 30px; height: 30px;"
                />
              </div>
              <div
                class="MuiGrid-root MuiGrid-item"
              >
                <span
                  class="MuiSkeleton-root MuiSkeleton-circle MuiSkeleton-pulse"
                  style="width: 30px; height: 30px;"
                />
              </div>
            </div>
          </span>
        </div>
        <div
          class="MuiCardHeader-action"
        >
          <div
            class="MuiGrid-root MuiGrid-container MuiGrid-align-items-xs-center"
            style="margin-top: 15px;"
          >
            <div
              class="MuiGrid-root MuiGrid-item"
            >
              <span
                class="MuiSkeleton-root MuiSkeleton-rect MuiSkeleton-pulse"
                style="width: 30px; margin-right: 5px;"
              />
            </div>
            <div
              class="MuiGrid-root MuiGrid-item"
            >
               
              /
               
            </div>
            <div
              class="MuiGrid-root MuiGrid-item"
            >
              <span
                class="MuiSkeleton-root MuiSkeleton-rect MuiSkeleton-pulse"
                style="width: 30px; margin-left: 5px;"
              />
            </div>
          </div>
        </div>
      </div>
      <div
        class="MuiCardHeader-root"
        style="padding: 0px; margin-left: 15px;"
      >
        <div
          class="MuiCardHeader-avatar"
        >
          <span
            class="MuiSkeleton-root MuiSkeleton-circle MuiSkeleton-pulse"
            style="width: 50px; height: 50px;"
          />
        </div>
        <div
          class="MuiCardHeader-content"
        >
          <span
            class="MuiTypography-root MuiCardHeader-title MuiTypography-body2 MuiTypography-displayBlock"
          >
            <span
              class="MuiSkeleton-root MuiSkeleton-rect MuiSkeleton-pulse"
              style="width: 80px; margin-bottom: 5px;"
            />
          </span>
          <span
            class="MuiTypography-root MuiCardHeader-subheader MuiTypography-body2 MuiTypography-colorTextSecondary MuiTypography-displayBlock"
          >
            <span
              class="MuiSkeleton-root MuiSkeleton-rect MuiSkeleton-pulse"
              style="width: 130px;"
            />
          </span>
        </div>
      </div>
      <div
        class="MuiCardContent-root"
      >
        <span
          class="MuiSkeleton-root MuiSkeleton-text MuiSkeleton-wave"
          style="height: 30px;"
        />
        <span
          class="MuiSkeleton-root MuiSkeleton-text MuiSkeleton-wave"
          style="height: 30px;"
        />
        <span
          class="MuiSkeleton-root MuiSkeleton-text MuiSkeleton-wave"
          style="height: 30px;"
        />
        <span
          class="MuiSkeleton-root MuiSkeleton-text MuiSkeleton-wave"
          style="width: 50%; height: 30px;"
        />
      </div>
      <div
        class="MuiCardActions-root"
        style="margin-left: 5px;"
      >
        <span
          class="MuiSkeleton-root MuiSkeleton-rect MuiSkeleton-pulse"
          style="width: 130px; height: 30px; margin-right: 5px;"
        />
        <span
          class="MuiSkeleton-root MuiSkeleton-rect MuiSkeleton-pulse"
          style="width: 130px; height: 30px;"
        />
        <span
          class="MuiSkeleton-root MuiSkeleton-circle MuiSkeleton-pulse"
          style="width: 30px; height: 30px; margin-left: auto;"
        />
        <span
          class="MuiSkeleton-root MuiSkeleton-circle MuiSkeleton-pulse"
          style="width: 30px; height: 30px; margin-right: 5px; margin-left: 5px;"
        />
        <span
          class="MuiSkeleton-root MuiSkeleton-circle MuiSkeleton-pulse"
          style="width: 30px; height: 30px;"
        />
      </div>
    </div>
  </div>
  <div
    class="MuiGrid-root makeStyles-root-1 MuiGrid-item MuiGrid-direction-xs-column MuiGrid-grid-xs-12 MuiGrid-grid-md-6"
  >
    <div
      class="MuiGrid-root MuiGrid-container"
    >
      <div
        class="MuiGrid-root makeStyles-root-2 MuiGrid-item MuiGrid-align-items-xs-center MuiGrid-justify-xs-space-between"
        style="width: 100%;"
      >
        <div
          class="MuiGrid-root MuiGrid-item MuiGrid-grid-xs-2 MuiGrid-grid-md-2"
        >
          <p
            class="MuiTypography-root makeStyles-chat-3 MuiTypography-body1"
          >
            Chat
          </p>
        </div>
        <div
          class="MuiGrid-root MuiGrid-item MuiGrid-grid-xs-10 MuiGrid-grid-md-10"
        >
          <div
            class="MuiPaper-root MuiPaper-elevation1 MuiPaper-rounded"
          >
            <div
              class="MuiInputBase-root makeStyles-input-4"
            >
              <input
                class="MuiInputBase-input"
                placeholder="type a message..."
                type="text"
                value=""
              />
            </div>
            <button
              class="MuiButtonBase-root MuiIconButton-root"
              tabindex="0"
              type="button"
            >
              <span
                class="MuiIconButton-label"
              >
                <img
                  alt="send"
                  src="SendIcon.svg"
                />
              </span>
              <span
                class="MuiTouchRipple-root"
              />
            </button>
          </div>
        </div>
      </div>
    </div>
    <div
      class="MuiGrid-root MuiGrid-container MuiGrid-item MuiGrid-align-items-xs-flex-start MuiGrid-justify-xs-space-between"
    >
      <div
        class="MuiGrid-root MuiGrid-item"
      >
        <button
          class="MuiButtonBase-root MuiIconButton-root"
          style="margin-left: auto;"
          tabindex="0"
          type="button"
        >
          <span
            class="MuiIconButton-label"
          >
            <svg
              aria-hidden="true"
              class="MuiSvgIcon-root"
              focusable="false"
              height="32"
              viewBox="0 0 32 32"
              width="32"
              xmlns="http://www.w3.org/2000/svg"
            >
              <path
                d="M31.8801 0.478938C31.7142 0.183188 31.4016 0 31.0625 0H0.937492C0.598367 0 0.285617 0.183188 0.119742 0.478938C-0.0460076 0.774688 -0.0393201 1.137 0.137555 1.42631L11.0457 19.2763V28.05C11.0457 28.4408 11.2882 28.7906 11.654 28.9278L19.6873 31.9403C19.794 31.9804 19.9056 32 20.0164 32C20.2048 32 20.3914 31.9433 20.5505 31.8331C20.8033 31.6579 20.9541 31.37 20.9541 31.0625V19.2763L31.8624 1.42638C32.0393 1.137 32.046 0.77475 31.8801 0.478938Z"
              />
            </svg>
          </span>
          <span
            class="MuiTouchRipple-root"
          />
        </button>
      </div>
    </div>
    <span
      class="MuiSkeleton-root MuiSkeleton-rect MuiSkeleton-pulse"
      style="height: 118px;"
    />
    <br />
    <span
      class="MuiSkeleton-root MuiSkeleton-rect MuiSkeleton-pulse"
      style="height: 118px;"
    />
    <br />
    <span
      class="MuiSkeleton-root MuiSkeleton-rect MuiSkeleton-pulse"
      style="height: 118px;"
    />
  </div>
</div>
`;
