// Jest Snapshot v1, https://goo.gl/fbAQLP

exports[`ControlPanel test - renders correctly 1`] = `null`;
