// Jest Snapshot v1, https://goo.gl/fbAQLP

exports[`TrendingPosts component unit test renders TrendingPosts without crashing 1`] = `ReactWrapper {}`;
