// Jest Snapshot v1, https://goo.gl/fbAQLP

exports[`Notification test - renders correctly 1`] = `null`;
