// Jest Snapshot v1, https://goo.gl/fbAQLP

exports[`PostActionCard test - renders correctly 1`] = `null`;
