// Jest Snapshot v1, https://goo.gl/fbAQLP

exports[`BusinessPlanCarousel test - renders correctly 1`] = `null`;
