// Jest Snapshot v1, https://goo.gl/fbAQLP

exports[`Post test - renders correctly 1`] = `null`;
