// Jest Snapshot v1, https://goo.gl/fbAQLP

exports[`Comment test - renders correctly 1`] = `null`;
