// Jest Snapshot v1, https://goo.gl/fbAQLP

exports[`PostCard component unit test renders PostCard without crashing 1`] = `ReactWrapper {}`;
