// Jest Snapshot v1, https://goo.gl/fbAQLP

exports[`PostsList component unit test renders PostsList without crashing 1`] = `ShallowWrapper {}`;
