// Jest Snapshot v1, https://goo.gl/fbAQLP

exports[`SubHeader component unit test renders SubHeader without crashing 1`] = `ReactWrapper {}`;
