// Jest Snapshot v1, https://goo.gl/fbAQLP

exports[`Login test - renders correctly 1`] = `
<div
  class="makeStyles-card-8 makeStyles-card-2"
>
  <div
    class="makeStyles-cardBody-25"
  >
    <div
      class="MuiGrid-root MuiGrid-container MuiGrid-spacing-xs-2 MuiGrid-direction-xs-column MuiGrid-align-items-xs-center MuiGrid-justify-xs-space-evenly"
    >
      <div
        class="MuiGrid-root MuiGrid-item"
      >
        <p
          class="MuiTypography-root makeStyles-header-1 MuiTypography-body1"
        >
          Login
        </p>
      </div>
      <div
        class="MuiGrid-root MuiGrid-item"
      >
        <form>
          <div
            class="MuiFormControl-root MuiTextField-root makeStyles-textfield-5 MuiFormControl-fullWidth"
          >
            <div
              class="MuiInputBase-root MuiInput-root MuiInput-underline MuiInputBase-fullWidth MuiInput-fullWidth MuiInputBase-formControl MuiInput-formControl MuiInputBase-adornedStart"
            >
              <div
                class="MuiInputAdornment-root MuiInputAdornment-positionStart"
              >
                <svg
                  aria-hidden="true"
                  class="MuiSvgIcon-root makeStyles-icon-6"
                  focusable="false"
                  viewBox="0 0 24 24"
                >
                  <path
                    d="M9 11.75c-.69 0-1.25.56-1.25 1.25s.56 1.25 1.25 1.25 1.25-.56 1.25-1.25-.56-1.25-1.25-1.25zm6 0c-.69 0-1.25.56-1.25 1.25s.56 1.25 1.25 1.25 1.25-.56 1.25-1.25-.56-1.25-1.25-1.25zM12 2C6.48 2 2 6.48 2 12s4.48 10 10 10 10-4.48 10-10S17.52 2 12 2zm0 18c-4.41 0-8-3.59-8-8 0-.29.02-.58.05-.86 2.36-1.05 4.23-2.98 5.21-5.37C11.07 8.33 14.05 10 17.42 10c.78 0 1.53-.09 2.25-.26.21.71.33 1.47.33 2.26 0 4.41-3.59 8-8 8z"
                  />
                </svg>
              </div>
              <input
                aria-invalid="false"
                class="MuiInputBase-input MuiInput-input MuiInputBase-inputAdornedStart"
                id="username"
                name="username"
                placeholder="Email/Username"
                type="text"
                value=""
              />
            </div>
          </div>
          <div
            class="MuiFormControl-root MuiTextField-root makeStyles-textfield-5 MuiFormControl-fullWidth"
          >
            <div
              class="MuiInputBase-root MuiInput-root MuiInput-underline MuiInputBase-fullWidth MuiInput-fullWidth MuiInputBase-formControl MuiInput-formControl MuiInputBase-adornedStart"
            >
              <div
                class="MuiInputAdornment-root MuiInputAdornment-positionStart"
              >
                <svg
                  aria-hidden="true"
                  class="MuiSvgIcon-root makeStyles-icon-6"
                  focusable="false"
                  viewBox="0 0 24 24"
                >
                  <path
                    d="M18 8h-1V6c0-2.76-2.24-5-5-5S7 3.24 7 6v2H6c-1.1 0-2 .9-2 2v10c0 1.1.9 2 2 2h12c1.1 0 2-.9 2-2V10c0-1.1-.9-2-2-2zm-6 9c-1.1 0-2-.9-2-2s.9-2 2-2 2 .9 2 2-.9 2-2 2zm3.1-9H8.9V6c0-1.71 1.39-3.1 3.1-3.1 1.71 0 3.1 1.39 3.1 3.1v2z"
                  />
                </svg>
              </div>
              <input
                aria-invalid="false"
                class="MuiInputBase-input MuiInput-input MuiInputBase-inputAdornedStart"
                id="password"
                name="password"
                placeholder="Password"
                type="password"
                value=""
              />
            </div>
          </div>
          <button
            class="MuiButtonBase-root MuiButton-root MuiButton-contained makeStyles-loginButton-3 MuiButton-containedPrimary MuiButton-containedSizeLarge MuiButton-sizeLarge MuiButton-fullWidth"
            tabindex="0"
            type="submit"
          >
            <span
              class="MuiButton-label"
            >
              <p
                class="MuiTypography-root MuiTypography-body1"
              >
                Log in
              </p>
            </span>
            <span
              class="MuiTouchRipple-root"
            />
          </button>
        </form>
      </div>
      <div
        class="MuiGrid-root MuiGrid-item"
      >
        <p
          class="MuiTypography-root MuiTypography-body1"
        >
          <a
            class="MuiTypography-root MuiLink-root MuiLink-underlineHover makeStyles-link-7 MuiTypography-colorPrimary"
            href="/auth/forgot"
          >
            Forgot password?
          </a>
        </p>
      </div>
      <div
        class="MuiGrid-root MuiGrid-item"
      >
        <p
          class="MuiTypography-root MuiTypography-body1"
        >
          No account?
          <span
            style="margin-right: 5px;"
          />
          <a
            class="MuiTypography-root MuiLink-root MuiLink-underlineHover makeStyles-link-7 MuiTypography-colorPrimary"
          href="/auth/request-access"
        >
          Request Access
        </a>
      </p>
    </div>
    <div
      class="MuiGrid-root MuiGrid-item"
    >
      <p
        class="MuiTypography-root MuiTypography-body1"
      >
        <a
          class="MuiTypography-root MuiLink-root MuiLink-underlineHover makeStyles-link-7 MuiTypography-colorPrimary"
          href="https://github.com/QuoteVote/quotevote-react"
          target="_blank"
          rel="noopener noreferrer"
        >
          Source Code
        </a>
      </p>
    </div>
  </div>
  </div>
</div>
`;
