// Jest Snapshot v1, https://goo.gl/fbAQLP

exports[`PersonalForm test - renders correctly 1`] = `
<div
  class="MuiGrid-root MuiGrid-container MuiGrid-spacing-xs-2 MuiGrid-justify-xs-center"
  style="margin-right: 24px;"
>
  <div
    class="MuiGrid-root MuiGrid-item MuiGrid-grid-xs-12"
  >
    <p
      class="MuiTypography-root makeStyles-header-2 MuiTypography-body1 MuiTypography-alignCenter"
    >
      Get access to your
       
      <span
        class="makeStyles-header-2"
        style="color: rgb(0, 207, 110);"
      >
        Personal Plan!
      </span>
    </p>
  </div>
  <div
    class="MuiGrid-root MuiGrid-item MuiGrid-grid-xs-12"
  >
    <p
      class="MuiTypography-root makeStyles-subHeader-3 MuiTypography-body1 MuiTypography-alignCenter"
    >
      Pay what you like, or pay nothing at all
    </p>
  </div>
  <div
    class="MuiGrid-root MuiGrid-item MuiGrid-grid-xs-12"
    style="margin-top: 2%;"
  >
    <div
      class="MuiGrid-root MuiGrid-container MuiGrid-spacing-xs-2"
    >
      <div
        class="MuiGrid-root MuiGrid-container MuiGrid-item MuiGrid-align-items-xs-center MuiGrid-justify-xs-center MuiGrid-grid-xs-12 MuiGrid-grid-md-6"
      >
        <img
          alt="PersonalPlan.png"
          height="500"
          src="PersonalPlan.png"
          style="width: 489px; height: 265px; object-fit: contain;"
        />
      </div>
      <div
        class="MuiGrid-root MuiGrid-container MuiGrid-spacing-xs-2 MuiGrid-item MuiGrid-grid-xs-11 MuiGrid-grid-md-6"
      >
        <div
          class="MuiGrid-root MuiGrid-item MuiGrid-grid-xs-12"
        >
          <div
            class="MuiPaper-root MuiCard-root MuiPaper-elevation1 MuiPaper-rounded"
          >
            <div
              class="MuiCardHeader-root"
            >
              <div
                class="MuiCardHeader-avatar"
              >
                <p
                  class="MuiTypography-root makeStyles-stepNumber-4 MuiTypography-body1"
                >
                  1
                </p>
              </div>
              <div
                class="MuiCardHeader-content"
              >
                <p
                  class="MuiTypography-root MuiTypography-body1"
                  style="font: Roboto; line-height: 1.56;"
                >
                  Your Personal Info
                </p>
              </div>
            </div>
            <form>
              <div
                class="MuiCardContent-root"
              >
                <div
                  class="MuiGrid-root MuiGrid-container MuiGrid-spacing-xs-2"
                >
                  <div
                    class="MuiGrid-root MuiGrid-item MuiGrid-grid-xs-6"
                  >
                    <div
                      class="MuiFormControl-root MuiTextField-root MuiFormControl-fullWidth"
                    >
                      <label
                        class="MuiFormLabel-root MuiInputLabel-root MuiInputLabel-formControl MuiInputLabel-animated Mui-required Mui-required"
                        data-shrink="false"
                        for="firstName"
                        id="firstName-label"
                      >
                        First Name
                        <span
                          aria-hidden="true"
                          class="MuiFormLabel-asterisk MuiInputLabel-asterisk"
                        >
                           
                          *
                        </span>
                      </label>
                      <div
                        class="MuiInputBase-root MuiInput-root MuiInput-underline MuiInputBase-fullWidth MuiInput-fullWidth MuiInputBase-formControl MuiInput-formControl"
                      >
                        <input
                          aria-invalid="false"
                          class="MuiInputBase-input MuiInput-input"
                          id="firstName"
                          name="firstName"
                          required=""
                          type="text"
                          value=""
                        />
                      </div>
                    </div>
                  </div>
                  <div
                    class="MuiGrid-root MuiGrid-item MuiGrid-grid-xs-6"
                  >
                    <div
                      class="MuiFormControl-root MuiTextField-root MuiFormControl-fullWidth"
                    >
                      <label
                        class="MuiFormLabel-root MuiInputLabel-root MuiInputLabel-formControl MuiInputLabel-animated Mui-required Mui-required"
                        data-shrink="false"
                        for="lastName"
                        id="lastName-label"
                      >
                        Last Name
                        <span
                          aria-hidden="true"
                          class="MuiFormLabel-asterisk MuiInputLabel-asterisk"
                        >
                           
                          *
                        </span>
                      </label>
                      <div
                        class="MuiInputBase-root MuiInput-root MuiInput-underline MuiInputBase-fullWidth MuiInput-fullWidth MuiInputBase-formControl MuiInput-formControl"
                      >
                        <input
                          aria-invalid="false"
                          class="MuiInputBase-input MuiInput-input"
                          id="lastName"
                          name="lastName"
                          required=""
                          type="text"
                          value=""
                        />
                      </div>
                    </div>
                  </div>
                  <div
                    class="MuiGrid-root MuiGrid-item MuiGrid-grid-xs-12"
                  >
                    <div
                      class="MuiFormControl-root MuiTextField-root MuiFormControl-fullWidth"
                    >
                      <label
                        class="MuiFormLabel-root MuiInputLabel-root MuiInputLabel-formControl MuiInputLabel-animated Mui-required Mui-required"
                        data-shrink="false"
                        for="email"
                        id="email-label"
                      >
                        Email
                        <span
                          aria-hidden="true"
                          class="MuiFormLabel-asterisk MuiInputLabel-asterisk"
                        >
                           
                          *
                        </span>
                      </label>
                      <div
                        class="MuiInputBase-root MuiInput-root MuiInput-underline MuiInputBase-fullWidth MuiInput-fullWidth MuiInputBase-formControl MuiInput-formControl"
                      >
                        <input
                          aria-invalid="false"
                          class="MuiInputBase-input MuiInput-input"
                          id="email"
                          name="email"
                          required=""
                          type="text"
                          value=""
                        />
                      </div>
                    </div>
                  </div>
                  <div
                    class="MuiGrid-root MuiGrid-item MuiGrid-grid-xs-12"
                  >
                    <button
                      class="MuiButtonBase-root MuiButton-root MuiButton-contained makeStyles-greenBtn-1"
                      tabindex="0"
                      type="submit"
                    >
                      <span
                        class="MuiButton-label"
                      >
                        Continue
                      </span>
                      <span
                        class="MuiTouchRipple-root"
                      />
                    </button>
                  </div>
                </div>
              </div>
            </form>
          </div>
        </div>
        <div
          class="MuiGrid-root MuiGrid-item MuiGrid-grid-xs-12"
        >
          <form>
            <div
              class="MuiPaper-root MuiCard-root MuiPaper-elevation1 MuiPaper-rounded"
            >
              <div
                class="MuiCardHeader-root"
              >
                <div
                  class="MuiCardHeader-avatar"
                >
                  <p
                    class="MuiTypography-root makeStyles-stepNumber-25 MuiTypography-body1"
                  >
                    2
                  </p>
                </div>
                <div
                  class="MuiCardHeader-content"
                >
                  <p
                    class="MuiTypography-root makeStyles-stepName-26 MuiTypography-body1"
                  >
                    Would you like to support this app?
                  </p>
                </div>
              </div>
              <input
                name="cardNumber"
                type="hidden"
              />
              <input
                name="expiry"
                type="hidden"
              />
              <input
                name="cvv"
                type="hidden"
              />
            </div>
          </form>
        </div>
      </div>
    </div>
  </div>
</div>
`;
