// Jest Snapshot v1, https://goo.gl/fbAQLP

exports[`InvestorPlanCarousel test - renders correctly 1`] = `null`;
